This file was generated by DECALmachine on 2026-09-23 at 20:28:05 when Batch Updating your assets location
at F:\BaiduNetdiskDownload\QKK_2026.5.13_工作工具\贴花插件素材5.2\ in Blender 5.2.0 LTS with DECALmachine 2.17.0

✔ All Decals in 贴花插件素材5.2\Decals\BB June 2022 were updated successfully!
✔ All Decals in 贴花插件素材5.2\Decals\Blender Bros 20+1 were updated successfully!
✔ All Decals in 贴花插件素材5.2\Decals\Blender Bros 2021 were updated successfully!
✔ All Decals in 贴花插件素材5.2\Decals\Blender Bros April 2022 were updated successfully!
✔ All Decals in 贴花插件素材5.2\Decals\Blender Bros August 2021 were updated successfully!
✔ All Decals in 贴花插件素材5.2\Decals\Blender Bros Corp SciFi Decal Pack were updated successfully!
✔ All Decals in 贴花插件素材5.2\Decals\Blender Bros Emissive Pack were updated successfully!
✔ All Decals in 贴花插件素材5.2\Decals\Blender Bros Jan 2021 were updated successfully!
✔ All Decals in 贴花插件素材5.2\Decals\Blender Bros January 2022 were updated successfully!
✔ All Decals in 贴花插件素材5.2\Decals\Blender Bros July 2021 were updated successfully!
✔ All Decals in 贴花插件素材5.2\Decals\Blender Bros May 2021 were updated successfully!
✔ All Decals in 贴花插件素材5.2\Decals\Blender Bros Nov 2021 were updated successfully!
✔ All Decals in 贴花插件素材5.2\Decals\Blender Bros October 2021 were updated successfully!
✔ All Decals in 贴花插件素材5.2\Decals\Blender Bros Sci-Fi UI Pack were updated successfully!
✔ All Decals in 贴花插件素材5.2\Decals\Blender Bros Scifi - buttons were updated successfully!
✔ All Decals in 贴花插件素材5.2\Decals\Blender bros May 2022 were updated successfully!
✔ All Decals in 贴花插件素材5.2\Decals\BlenderBros February 2021 were updated successfully!
✔ All Decals in 贴花插件素材5.2\Decals\BlenderBros June 2021 were updated successfully!
✔ All Decals in 贴花插件素材5.2\Decals\BlenderBros Nov 2020 were updated successfully!
✔ All Decals in 贴花插件素材5.2\Decals\BlenderBros Oct 2020 were updated successfully!
✔ All Decals in 贴花插件素材5.2\Decals\Blenderbros Dec 2020 were updated successfully!
✔ All Decals in 贴花插件素材5.2\Decals\Blenderbros SciFi Vent Pack were updated successfully!
✔ All Decals in 贴花插件素材5.2\Decals\DP01_Kreem were updated successfully!
✔ All Decals in 贴花插件素材5.2\Decals\Litah Length were updated successfully!
✔ All Decals in 贴花插件素材5.2\Decals\Nux Null were updated successfully!
✔ All Decals in 贴花插件素材5.2\Decals\Orca Circuit were updated successfully!
✔ All Decals in 贴花插件素材5.2\Decals\Oxy Out were updated successfully!
✔ All Decals in 贴花插件素材5.2\Decals\Oz Circles were updated successfully!
✔ All Decals in 贴花插件素材5.2\Decals\Oz HardSurface were updated successfully!
✔ All Decals in 贴花插件素材5.2\Decals\Oz InfoDecals were updated successfully!
✔ All Decals in 贴花插件素材5.2\Decals\Pattern Pix were updated successfully!
✔ All Decals in 贴花插件素材5.2\Decals\Sanctus-SF01 were updated successfully!
✔ All Decals in 贴花插件素材5.2\Trims\BB Trim 1 were updated successfully!
✔ All Decals in 贴花插件素材5.2\Trims\BB Trim 10 were updated successfully!
✔ All Decals in 贴花插件素材5.2\Trims\BB Trim 11 were updated successfully!
✔ All Decals in 贴花插件素材5.2\Trims\BB Trim 12 were updated successfully!
✔ All Decals in 贴花插件素材5.2\Trims\BB Trim 2 were updated successfully!
✔ All Decals in 贴花插件素材5.2\Trims\BB Trim 3 were updated successfully!
✔ All Decals in 贴花插件素材5.2\Trims\BB Trim 4 were updated successfully!
✔ All Decals in 贴花插件素材5.2\Trims\BB Trim 5 were updated successfully!
✔ All Decals in 贴花插件素材5.2\Trims\BB Trim 6 were updated successfully!
✔ All Decals in 贴花插件素材5.2\Trims\BB Trim 7 were updated successfully!
✔ All Decals in 贴花插件素材5.2\Trims\BB Trim 8 were updated successfully!
✔ All Decals in 贴花插件素材5.2\Trims\BB Trim 9 were updated successfully!
