This file was generated by DECALmachine on 2026-09-11 at 11:18:21 when the moving the following 44 folders into Quarantine

☢  Quarantined assets\Decals\BB June 2022. Library is invalid. It contains no version indicator file!
☢  Quarantined assets\Decals\Blender Bros 20+1. Library is invalid. It contains no version indicator file!
☢  Quarantined assets\Decals\Blender Bros 2021. Library is invalid. It contains no version indicator file!
☢  Quarantined assets\Decals\Blender Bros April 2022. Library is invalid. It contains no version indicator file!
☢  Quarantined assets\Decals\Blender Bros August 2021. Library is invalid. It contains no version indicator file!
☢  Quarantined assets\Decals\Blender Bros Corp SciFi Decal Pack. Library is invalid. It contains no version indicator file!
☢  Quarantined assets\Decals\Blender Bros Emissive Pack. Library is invalid. It contains no version indicator file!
☢  Quarantined assets\Decals\Blender Bros Jan 2021. Library is invalid. It contains no version indicator file!
☢  Quarantined assets\Decals\Blender Bros January 2022. Library is invalid. It contains no version indicator file!
☢  Quarantined assets\Decals\Blender Bros July 2021. Library is invalid. It contains no version indicator file!
☢  Quarantined assets\Decals\Blender Bros May 2021. Library is invalid. It contains no version indicator file!
☢  Quarantined assets\Decals\Blender Bros Nov 2021. Library is invalid. It contains no version indicator file!
☢  Quarantined assets\Decals\Blender Bros October 2021. Library is invalid. It contains no version indicator file!
☢  Quarantined assets\Decals\Blender Bros Sci-Fi UI Pack. Library is invalid. It contains no version indicator file!
☢  Quarantined assets\Decals\Blender Bros Scifi - buttons. Library is invalid. It contains no version indicator file!
☢  Quarantined assets\Decals\Blender bros May 2022. Library is invalid. It contains no version indicator file!
☢  Quarantined assets\Decals\BlenderBros February 2021. Library is invalid. It contains no version indicator file!
☢  Quarantined assets\Decals\BlenderBros June 2021. Library is invalid. It contains no version indicator file!
☢  Quarantined assets\Decals\BlenderBros Nov 2020. Library is invalid. It contains no version indicator file!
☢  Quarantined assets\Decals\BlenderBros Oct 2020. Library is invalid. It contains no version indicator file!
☢  Quarantined assets\Decals\Blenderbros Dec 2020. Library is invalid. It contains no version indicator file!
☢  Quarantined assets\Decals\Blenderbros SciFi Vent Pack. Library is invalid. It contains no version indicator file!
☢  Quarantined assets\Decals\DP01_Kreem. Library is invalid. It contains no version indicator file!
☢  Quarantined assets\Decals\Litah Length. Library is invalid. It contains no version indicator file!
☢  Quarantined assets\Decals\Nux Null. Library is invalid. It contains no version indicator file!
☢  Quarantined assets\Decals\Orca Circuit. Library is invalid. It contains no version indicator file!
☢  Quarantined assets\Decals\Oxy Out. Library is invalid. It contains no version indicator file!
☢  Quarantined assets\Decals\Oz Circles. Library is invalid. It contains no version indicator file!
☢  Quarantined assets\Decals\Oz HardSurface. Library is invalid. It contains no version indicator file!
☢  Quarantined assets\Decals\Oz InfoDecals. Library is invalid. It contains no version indicator file!
☢  Quarantined assets\Decals\Pattern Pix. Library is invalid. It contains no version indicator file!
☢  Quarantined assets\Decals\Sanctus-SF01. Library is invalid. It contains no version indicator file!
☢  Quarantined assets\Trims\BB Trim 1. Library is invalid. It contains no version indicator file!
☢  Quarantined assets\Trims\BB Trim 10. Library is invalid. It contains no version indicator file!
☢  Quarantined assets\Trims\BB Trim 11. Library is invalid. It contains no version indicator file!
☢  Quarantined assets\Trims\BB Trim 12. Library is invalid. It contains no version indicator file!
☢  Quarantined assets\Trims\BB Trim 2. Library is invalid. It contains no version indicator file!
☢  Quarantined assets\Trims\BB Trim 3. Library is invalid. It contains no version indicator file!
☢  Quarantined assets\Trims\BB Trim 4. Library is invalid. It contains no version indicator file!
☢  Quarantined assets\Trims\BB Trim 5. Library is invalid. It contains no version indicator file!
☢  Quarantined assets\Trims\BB Trim 6. Library is invalid. It contains no version indicator file!
☢  Quarantined assets\Trims\BB Trim 7. Library is invalid. It contains no version indicator file!
☢  Quarantined assets\Trims\BB Trim 8. Library is invalid. It contains no version indicator file!
☢  Quarantined assets\Trims\BB Trim 9. Library is invalid. It contains no version indicator file!

ℹ  If you require assistance with these quarantined libraries, you can get in touch with decal@machin3.io!
   Make sure to use the Get Support tool, if you do so!
